#
# A fatal error has been detected by the Java Runtime Environment:
#
#  EXCEPTION_ACCESS_VIOLATION (0xc0000005) at pc=0x000000006d918564, pid=13308, tid=25312
#
# JRE version: 6.0_45-b06
# Java VM: Java HotSpot(TM) 64-Bit Server VM (20.45-b01 mixed mode windows-amd64 compressed oops)
# Problematic frame:
# V  [jvm.dll+0xe8564]
#
# If you would like to submit a bug report, please visit:
#   http://java.sun.com/webapps/bugreport/crash.jsp
#

---------------  T H R E A D  ---------------

Current thread (0x0000000002792000):  GCTaskThread [stack: 0x0000000000000000,0x0000000000000000] [id=25312]

siginfo: ExceptionCode=0xc0000005, reading address 0x00000000bf800018

Registers:
RAX=0x0000000000000001, RBX=0x00000000daeffdb8, RCX=0x0000000000000000, RDX=0x00000000bf800000
RSP=0x0000000005d3f8e0, RBP=0x0000000000000001, RSI=0x000000000bd47678, RDI=0x00000000de7a420c
R8 =0x00000000bf800010, R9 =0x00000000de891658, R10=0x000000000000000c, R11=0x0000000005d3f8d8
R12=0x00000000de7a4230, R13=0x00000000fb090098, R14=0x000000000000000c, R15=0x00000000de7a41e0
RIP=0x000000006d918564, EFLAGS=0x0000000000010293

Top of Stack: (sp=0x0000000005d3f8e0)
0x0000000005d3f8e0:   0000000000000001 000000006d93fa56
0x0000000005d3f8f0:   000000000bd47678 000000000b1ff6e0
0x0000000005d3f900:   00000000067ab090 000000000b1ff6e0
0x0000000005d3f910:   00000000fb0900a0 00000000027916d0
0x0000000005d3f920:   0000000000000000 0000000000000000
0x0000000005d3f930:   00000000027916d0 0000000002792490
0x0000000005d3f940:   000000000b1ff6e0 00000000de7a41e0
0x0000000005d3f950:   000000000bd475d8 000000006dc0e691
0x0000000005d3f960:   00000000fb08fde8 000000000bd475d8
0x0000000005d3f970:   00000000de8911b0 0000000000000006
0x0000000005d3f980:   000000000278ccb8 000000006d8ea486
0x0000000005d3f990:   0000000000000000 0000000000000000
0x0000000005d3f9a0:   0000000000000000 0000000000000001
0x0000000005d3f9b0:   000000000bd47718 0000000000000000
0x0000000005d3f9c0:   0000000002792878 00000000027924a0
0x0000000005d3f9d0:   0000000002792490 000000006dc0e79b 

Instructions: (pc=0x000000006d918564)
0x000000006d918544:   08 30 2f 00 0f b6 0d f1 0c 62 00 48 2b 05 e2 0c
0x000000006d918554:   62 00 48 d3 e8 89 07 e9 b4 00 00 00 4c 8d 42 10
0x000000006d918564:   48 63 52 18 8b ca c1 f9 03 85 d2 7f 60 85 d2 79
0x000000006d918574:   4b 80 3d 54 64 65 00 00 4c 63 0d c1 67 63 00 4c 


Register to memory mapping:

RAX=0x0000000000000001 is an unknown value
RBX=
[error occurred during error reporting (printing register info), id 0xc0000005]

Stack: [0x0000000000000000,0x0000000000000000],  sp=0x0000000005d3f8e0,  free space=95486k
Native frames: (J=compiled Java code, j=interpreted, Vv=VM code, C=native code)
V  [jvm.dll+0xe8564]


---------------  P R O C E S S  ---------------

Java Threads: ( => current thread )
  0x000000000bd61000 JavaThread "Thread-5" [_thread_blocked, id=22036, stack(0x0000000058140000,0x0000000058240000)]
  0x000000000bd55800 JavaThread "Java2D Disposer" daemon [_thread_blocked, id=29812, stack(0x0000000057d80000,0x0000000057e80000)]
  0x000000000c69b800 JavaThread "Thread-4" [_thread_blocked, id=29148, stack(0x0000000057a40000,0x0000000057b40000)]
  0x000000000c635000 JavaThread "Thread-3" [_thread_blocked, id=6108, stack(0x0000000057940000,0x0000000057a40000)]
  0x0000000016a15800 JavaThread "Thread-2" [_thread_blocked, id=28168, stack(0x0000000057840000,0x0000000057940000)]
  0x000000000c630800 JavaThread "Thread-1" [_thread_blocked, id=30416, stack(0x0000000057740000,0x0000000057840000)]
  0x00000000071a1800 JavaThread "Low Memory Detector" daemon [_thread_blocked, id=11416, stack(0x000000000b900000,0x000000000ba00000)]
  0x00000000071a1000 JavaThread "C2 CompilerThread1" daemon [_thread_blocked, id=25104, stack(0x000000000b800000,0x000000000b900000)]
  0x000000000719a800 JavaThread "C2 CompilerThread0" daemon [_thread_blocked, id=17824, stack(0x000000000b700000,0x000000000b800000)]
  0x0000000007196000 JavaThread "Attach Listener" daemon [_thread_blocked, id=13388, stack(0x000000000b600000,0x000000000b700000)]
  0x0000000007195000 JavaThread "Signal Dispatcher" daemon [_thread_blocked, id=6736, stack(0x000000000b500000,0x000000000b600000)]
  0x0000000007193800 JavaThread "Surrogate Locker Thread (Concurrent GC)" daemon [_thread_blocked, id=30340, stack(0x000000000b400000,0x000000000b500000)]
  0x000000000715a000 JavaThread "Finalizer" daemon [_thread_blocked, id=30352, stack(0x000000000b300000,0x000000000b400000)]
  0x0000000007157000 JavaThread "Reference Handler" daemon [_thread_blocked, id=7616, stack(0x000000000b200000,0x000000000b300000)]
  0x0000000000b9d000 JavaThread "main" [_thread_blocked, id=24764, stack(0x0000000002680000,0x0000000002780000)]

Other Threads:
  0x000000000714f800 VMThread [stack: 0x000000000b100000,0x000000000b200000] [id=24216]
  0x00000000071be800 WatcherThread [stack: 0x000000000ba00000,0x000000000bb00000] [id=29280]

=>0x0000000002792000 (exited) GCTaskThread [stack: 0x0000000000000000,0x0000000000000000] [id=25312]

VM state:at safepoint (normal execution)

VM Mutex/Monitor currently owned by a thread:  ([mutex/lock_event])
[0x0000000000b9ae70] Threads_lock - owner thread: 0x000000000714f800
[0x0000000000b9a670] Heap_lock - owner thread: 0x0000000016a15800

Heap
 par new generation   total 59008K, used 52480K [0x00000000dae00000, 0x00000000dee00000, 0x00000000dee00000)
  eden space 52480K, 100% used [0x00000000dae00000, 0x00000000de140000, 0x00000000de140000)
  from space 6528K,   0% used [0x00000000de140000, 0x00000000de140000, 0x00000000de7a0000)
  to   space 6528K, 100% used [0x00000000de7a0000, 0x00000000dee00000, 0x00000000dee00000)
 concurrent mark-sweep generation total 458752K, used 17235K [0x00000000dee00000, 0x00000000fae00000, 0x00000000fae00000)
 concurrent-mark-sweep perm gen total 21248K, used 10475K [0x00000000fae00000, 0x00000000fc2c0000, 0x0000000100000000)

Code Cache  [0x0000000002880000, 0x0000000002af0000, 0x0000000005880000)
 total_blobs=1060 nmethods=611 adapters=402 free_code_cache=48331264 largest_free_block=6848

Dynamic libraries:
0x0000000000400000 - 0x000000000042f000 	C:\Program Files\Java\jre6\bin\javaw.exe
0x00007ffafcff0000 - 0x00007ffafd207000 	C:\Windows\SYSTEM32\ntdll.dll
0x00007ffafbd20000 - 0x00007ffafbde4000 	C:\Windows\System32\KERNEL32.DLL
0x00007ffafa300000 - 0x00007ffafa6b7000 	C:\Windows\System32\KERNELBASE.dll
0x00007ffafcbd0000 - 0x00007ffafcc82000 	C:\Windows\System32\ADVAPI32.dll
0x00007ffafcca0000 - 0x00007ffafcd47000 	C:\Windows\System32\msvcrt.dll
0x00007ffafbdf0000 - 0x00007ffafbe98000 	C:\Windows\System32\sechost.dll
0x00007ffafa9c0000 - 0x00007ffafa9e8000 	C:\Windows\System32\bcrypt.dll
0x00007ffafc720000 - 0x00007ffafc834000 	C:\Windows\System32\RPCRT4.dll
0x00007ffafba00000 - 0x00007ffafbbaf000 	C:\Windows\System32\USER32.dll
0x00007ffafacf0000 - 0x00007ffafad16000 	C:\Windows\System32\win32u.dll
0x00007ffafbfb0000 - 0x00007ffafbfd9000 	C:\Windows\System32\GDI32.dll
0x00007ffafa9f0000 - 0x00007ffafab08000 	C:\Windows\System32\gdi32full.dll
0x00007ffafa8a0000 - 0x00007ffafa93a000 	C:\Windows\System32\msvcp_win.dll
0x00007ffafab10000 - 0x00007ffafac21000 	C:\Windows\System32\ucrtbase.dll
0x00007ffafc250000 - 0x00007ffafc281000 	C:\Windows\System32\IMM32.DLL
0x000000006d830000 - 0x000000006dfec000 	C:\Program Files\Java\jre6\bin\server\jvm.dll
0x00007ffaf69d0000 - 0x00007ffaf6a04000 	C:\Windows\SYSTEM32\WINMM.dll
0x000000006d7a0000 - 0x000000006d7ae000 	C:\Program Files\Java\jre6\bin\verify.dll
0x000000006d3c0000 - 0x000000006d3e7000 	C:\Program Files\Java\jre6\bin\java.dll
0x000000006d7f0000 - 0x000000006d802000 	C:\Program Files\Java\jre6\bin\zip.dll
0x0000000180000000 - 0x0000000180053000 	C:\Users\seanp\Desktop\Minecraft Java Development\lwjgl\native\windows\lwjgl64.dll
0x00007ffaf1a00000 - 0x00007ffaf1a0a000 	C:\Windows\SYSTEM32\VERSION.dll
0x00007ffae8530000 - 0x00007ffae87c3000 	C:\Windows\WinSxS\amd64_microsoft.windows.common-controls_6595b64144ccf1df_6.0.22621.3672_none_2713b9d173822955\COMCTL32.dll
0x00007ffa8d620000 - 0x00007ffa8d720000 	C:\Windows\SYSTEM32\OPENGL32.dll
0x00007ffafc840000 - 0x00007ffafcbce000 	C:\Windows\System32\combase.dll
0x00007ffab4ff0000 - 0x00007ffab501d000 	C:\Windows\SYSTEM32\GLU32.dll
0x00007ffaf75b0000 - 0x00007ffaf75e7000 	C:\Windows\SYSTEM32\dxcore.dll
0x00007ffaf0c30000 - 0x00007ffaf0ced000 	C:\Windows\SYSTEM32\mscms.dll
0x00007ffaf9440000 - 0x00007ffaf9458000 	C:\Windows\SYSTEM32\kernel.appcore.dll
0x00007ffafa940000 - 0x00007ffafa9bb000 	C:\Windows\System32\bcryptPrimitives.dll
0x00007ffaf72b0000 - 0x00007ffaf7361000 	C:\Windows\system32\uxtheme.dll
0x00007ffafbff0000 - 0x00007ffafc150000 	C:\Windows\System32\MSCTF.dll
0x00007ffafbea0000 - 0x00007ffafbf50000 	C:\Windows\System32\clbcatq.dll
0x00007ffa56be0000 - 0x00007ffa591c8000 	C:\Windows\System32\DriverStore\FileRepository\nv_dispig.inf_amd64_0afec3f2050014a0\nvoglv64.dll
0x00007ffafae20000 - 0x00007ffafb689000 	C:\Windows\System32\SHELL32.dll
0x00007ffafc290000 - 0x00007ffafc704000 	C:\Windows\System32\SETUPAPI.dll
0x00007ffafcdb0000 - 0x00007ffafcf55000 	C:\Windows\System32\ole32.dll
0x00007ffafad20000 - 0x00007ffafadf7000 	C:\Windows\System32\OLEAUT32.dll
0x00007ffaf9200000 - 0x00007ffaf9214000 	C:\Windows\SYSTEM32\WTSAPI32.dll
0x00007ffafa050000 - 0x00007ffafa062000 	C:\Windows\SYSTEM32\msasn1.dll
0x00007ffaf4500000 - 0x00007ffaf4532000 	C:\Windows\SYSTEM32\cryptnet.dll
0x00007ffafa730000 - 0x00007ffafa896000 	C:\Windows\System32\CRYPT32.dll
0x00007ffaf9b20000 - 0x00007ffaf9b2c000 	C:\Windows\SYSTEM32\cryptbase.dll
0x00007ffaf9bb0000 - 0x00007ffaf9bf9000 	C:\Windows\SYSTEM32\wldp.dll
0x00007ffaf0700000 - 0x00007ffaf0862000 	C:\Windows\SYSTEM32\drvstore.dll
0x00007ffaf9fa0000 - 0x00007ffaf9fcc000 	C:\Windows\SYSTEM32\devobj.dll
0x00007ffaf9fd0000 - 0x00007ffafa01e000 	C:\Windows\SYSTEM32\cfgmgr32.dll
0x00007ffafa6c0000 - 0x00007ffafa72c000 	C:\Windows\System32\WINTRUST.dll
0x00007ffaf9550000 - 0x00007ffaf9584000 	C:\Windows\SYSTEM32\ntmarta.dll
0x00007ffafae00000 - 0x00007ffafae1f000 	C:\Windows\System32\imagehlp.dll
0x00007ffaf9b00000 - 0x00007ffaf9b1b000 	C:\Windows\SYSTEM32\CRYPTSP.dll
0x00007ffaf93a0000 - 0x00007ffaf93d5000 	C:\Windows\system32\rsaenh.dll
0x00007ffae9aa0000 - 0x00007ffaeba8e000 	C:\Windows\System32\DriverStore\FileRepository\nv_dispig.inf_amd64_0afec3f2050014a0\nvgpucomp64.dll
0x00007ffaf7db0000 - 0x00007ffaf86af000 	C:\Windows\SYSTEM32\windows.storage.dll
0x00007ffaf7c70000 - 0x00007ffaf7daf000 	C:\Windows\SYSTEM32\wintypes.dll
0x00007ffafb690000 - 0x00007ffafb789000 	C:\Windows\System32\SHCORE.dll
0x00007ffafbc40000 - 0x00007ffafbc9e000 	C:\Windows\System32\shlwapi.dll
0x00007ffa99c80000 - 0x00007ffa99f50000 	C:\Windows\system32\nvspcap64.dll
0x00007ffafa230000 - 0x00007ffafa257000 	C:\Windows\SYSTEM32\profapi.dll
0x00007ffaf7540000 - 0x00007ffaf756b000 	C:\Windows\SYSTEM32\dwmapi.dll
0x00007ffad11a0000 - 0x00007ffad12e3000 	C:\Windows\SYSTEM32\textinputframework.dll
0x00007ffaf62d0000 - 0x00007ffaf6403000 	C:\Windows\SYSTEM32\CoreMessaging.dll
0x00007ffaf2bd0000 - 0x00007ffaf2f3d000 	C:\Windows\SYSTEM32\CoreUIComponents.dll
0x00007ffaafd80000 - 0x00007ffaafdca000 	C:\Windows\SYSTEM32\icm32.dll
0x00007ffaf91b0000 - 0x00007ffaf91fd000 	C:\Windows\SYSTEM32\powrprof.dll
0x00007ffaf9190000 - 0x00007ffaf91a3000 	C:\Windows\SYSTEM32\UMPDC.dll
0x00007ffaf8de0000 - 0x00007ffaf8e46000 	C:\Windows\SYSTEM32\WINSTA.dll
0x00007ffa77120000 - 0x00007ffa772b6000 	C:\Users\seanp\Documents\IMGUI experiments\public\imgui-lwjgl2-jni\out\imgui_jni.dll
0x00007ffaf99a0000 - 0x00007ffaf99c8000 	C:\Windows\SYSTEM32\USERENV.dll
0x000000006d620000 - 0x000000006d637000 	C:\Program Files\Java\jre6\bin\net.dll
0x00007ffafbca0000 - 0x00007ffafbd11000 	C:\Windows\System32\WS2_32.dll
0x00007ffaf98b0000 - 0x00007ffaf9919000 	C:\Windows\system32\mswsock.dll
0x00007ffaaff00000 - 0x00007ffaaff17000 	C:\Windows\system32\napinsp.dll
0x00007ffaaf870000 - 0x00007ffaaf88b000 	C:\Windows\system32\pnrpnsp.dll
0x00007ffaf8f10000 - 0x00007ffaf9012000 	C:\Windows\SYSTEM32\DNSAPI.dll
0x00007ffaf8e90000 - 0x00007ffaf8ebd000 	C:\Windows\SYSTEM32\IPHLPAPI.DLL
0x00007ffafcc90000 - 0x00007ffafcc99000 	C:\Windows\System32\NSI.dll
0x00007ffaaf850000 - 0x00007ffaaf861000 	C:\Windows\System32\winrnr.dll
0x00007ffad6cb0000 - 0x00007ffad6cc5000 	C:\Windows\system32\wshbth.dll
0x00007ffaacbc0000 - 0x00007ffaacbe7000 	C:\Windows\system32\nlansp_c.dll
0x00007ffaf3540000 - 0x00007ffaf354a000 	C:\Windows\System32\rasadhlp.dll
0x00007ffaf49c0000 - 0x00007ffaf4a43000 	C:\Windows\System32\fwpuclnt.dll
0x000000006d000000 - 0x000000006d1c4000 	C:\Program Files\Java\jre6\bin\awt.dll
0x00007ffae8480000 - 0x00007ffae8527000 	C:\Windows\SYSTEM32\WINSPOOL.DRV
0x00007ffaf66b0000 - 0x00007ffaf6747000 	C:\Windows\SYSTEM32\apphelp.dll
0x00007ffafb9f0000 - 0x00007ffafb9f8000 	C:\Windows\System32\PSAPI.DLL

VM Arguments:
jvm_args: -XX:+UseConcMarkSweepGC -XX:+UseParNewGC -XX:+CMSParallelRemarkEnabled -XX:CMSInitiatingOccupancyFraction=90 -XX:+UseCMSInitiatingOccupancyOnly -XX:+CMSScavengeBeforeRemark -XX:+UseCMSCompactAtFullCollection -XX:CMSFullGCsBeforeCompaction=1 -Xms512m -Xmx512m -XX:CompileThreshold=1500 -Djava.library.path=C:\Users\seanp\Desktop\Minecraft Java Development\lwjgl\native\windows;C:\Users\seanp\Desktop\Minecraft Java Development\lwjgl\native\windows;C:\Users\seanp\Desktop\Minecraft Java Development\lwjgl\native\windows;C:\Users\seanp\Documents\IMGUI experiments\public\imgui-lwjgl2-jni\out -Dfile.encoding=UTF-8 
java_command: main.Main
Launcher Type: SUN_STANDARD

Environment Variables:
JAVA_HOME=C:\Program Files\Java\jdk1.6.0_45
USERNAME=seanp
OS=Windows_NT
PROCESSOR_IDENTIFIER=AMD64 Family 23 Model 8 Stepping 2, AuthenticAMD



---------------  S Y S T E M  ---------------

OS: Windows 8 , 64 bit Build 9200 

CPU:total 12 (12 cores per cpu, 1 threads per core) family 23 model 8 stepping 2, cmov, cx8, fxsr, mmx, sse, sse2, sse3, ssse3, sse4.1, sse4.2, popcnt, mmxext, 3dnowpref, lzcnt, sse4a

Memory: 4k page, physical 16697240k(3898088k free), swap 34523032k(5136820k free)

vm_info: Java HotSpot(TM) 64-Bit Server VM (20.45-b01) for windows-amd64 JRE (1.6.0_45-b06), built on Apr  1 2013 12:31:37 by "java_re" with MS VC++ 8.0 (VS2005)

time: Thu Mar 26 20:36:05 2026
elapsed time: 7 seconds

