#
# A fatal error has been detected by the Java Runtime Environment:
#
#  EXCEPTION_ACCESS_VIOLATION (0xc0000005) at pc=0x000000006d9185c9, pid=17996, tid=21768
#
# JRE version: 6.0_45-b06
# Java VM: Java HotSpot(TM) 64-Bit Server VM (20.45-b01 mixed mode windows-amd64 compressed oops)
# Problematic frame:
# V  [jvm.dll+0xe85c9]
#
# If you would like to submit a bug report, please visit:
#   http://java.sun.com/webapps/bugreport/crash.jsp
#

---------------  T H R E A D  ---------------

Current thread (0x00000000026f7800):  GCTaskThread [stack: 0x0000000000000000,0x0000000000000000] [id=21768]

siginfo: ExceptionCode=0xc0000005, reading address 0x00000000000000a0

Registers:
RAX=0x0000000000000000, RBX=0x00000000daeffe08, RCX=0x0000000042800010, RDX=0x00000000daeffe08
RSP=0x0000000005e9fbe0, RBP=0x4280000042800000, RSI=0x0000000007177058, RDI=0x00000000de7f2420
R8 =0x0000000042800010, R9 =0x00000000de82c668, R10=0x000000000000000c, R11=0x0000000005e9fbd8
R12=0x00000000de7f2438, R13=0x00000000fb616de8, R14=0x000000000000000c, R15=0x00000000de7f23e8
RIP=0x000000006d9185c9, EFLAGS=0x0000000000010246

Top of Stack: (sp=0x0000000005e9fbe0)
0x0000000005e9fbe0:   0000000000000001 000000006d93fa56
0x0000000005e9fbf0:   0000000007177058 000000000b1cf6e0
0x0000000005e9fc00:   000000000693c098 000000000b1cf6e0
0x0000000005e9fc10:   00000000fb616df0 0000000000a4e370
0x0000000005e9fc20:   0000000000000000 0000000000000000
0x0000000005e9fc30:   0000000000a4e370 00000000026f7ae0
0x0000000005e9fc40:   000000000b1cf6e0 00000000de7f23e8
0x0000000005e9fc50:   0000000007176fb8 000000006dc0e691
0x0000000005e9fc60:   00000000fb616b58 0000000007176fb8
0x0000000005e9fc70:   00000000de7f24d8 000000000000000a
0x0000000005e9fc80:   00000000026eccb8 000000006d8ea486
0x0000000005e9fc90:   0000000000000000 0000000000000000
0x0000000005e9fca0:   0000000000000000 0000000000000001
0x0000000005e9fcb0:   00000000071770f8 0000000000000000
0x0000000005e9fcc0:   00000000026f7ec8 00000000026f7af0
0x0000000005e9fcd0:   00000000026f7ae0 000000006dc0e79b 

Instructions: (pc=0x000000006d9185c9)
0x000000006d9185a9:   49 8d 04 11 49 f7 d1 48 03 c8 49 c1 e9 03 48 c1
0x000000006d9185b9:   e9 03 41 23 c9 eb 11 49 8b 00 48 8b d3 49 8b c8
0x000000006d9185c9:   ff 90 a0 00 00 00 8b c8 80 3d 54 df 65 00 00 48
0x000000006d9185d9:   8b 56 38 4c 63 c9 48 8b 4e 40 74 0f 4c 8b c3 48 


Register to memory mapping:

RAX=0x0000000000000000 is an unknown value
RBX=
[error occurred during error reporting (printing register info), id 0xc0000005]

Stack: [0x0000000000000000,0x0000000000000000],  sp=0x0000000005e9fbe0,  free space=96894k
Native frames: (J=compiled Java code, j=interpreted, Vv=VM code, C=native code)
V  [jvm.dll+0xe85c9]

[error occurred during error reporting (printing native stack), id 0xc0000005]


---------------  P R O C E S S  ---------------

Java Threads: ( => current thread )
  0x000000000bf34800 JavaThread "Thread-5" [_thread_blocked, id=28284, stack(0x0000000058170000,0x0000000058270000)]
  0x0000000016a00800 JavaThread "Java2D Disposer" daemon [_thread_blocked, id=29032, stack(0x0000000057db0000,0x0000000057eb0000)]
  0x000000000c6cb000 JavaThread "Thread-4" [_thread_blocked, id=26420, stack(0x0000000057a70000,0x0000000057b70000)]
  0x000000000c6ca800 JavaThread "Thread-3" [_thread_blocked, id=17856, stack(0x0000000057970000,0x0000000057a70000)]
  0x000000000bece800 JavaThread "Thread-2" [_thread_blocked, id=3080, stack(0x0000000057870000,0x0000000057970000)]
  0x000000000bc83000 JavaThread "Thread-1" [_thread_blocked, id=216, stack(0x0000000057770000,0x0000000057870000)]
  0x0000000007149000 JavaThread "Low Memory Detector" daemon [_thread_blocked, id=27516, stack(0x000000000b8d0000,0x000000000b9d0000)]
  0x0000000007147000 JavaThread "C2 CompilerThread1" daemon [_thread_blocked, id=23320, stack(0x000000000b7d0000,0x000000000b8d0000)]
  0x000000000713b800 JavaThread "C2 CompilerThread0" daemon [_thread_blocked, id=29704, stack(0x000000000b6d0000,0x000000000b7d0000)]
  0x0000000007136800 JavaThread "Attach Listener" daemon [_thread_blocked, id=29924, stack(0x000000000b5d0000,0x000000000b6d0000)]
  0x0000000007136000 JavaThread "Signal Dispatcher" daemon [_thread_blocked, id=25328, stack(0x000000000b4d0000,0x000000000b5d0000)]
  0x0000000007134800 JavaThread "Surrogate Locker Thread (Concurrent GC)" daemon [_thread_blocked, id=29908, stack(0x000000000b3d0000,0x000000000b4d0000)]
  0x00000000070fa800 JavaThread "Finalizer" daemon [_thread_blocked, id=27500, stack(0x000000000b2d0000,0x000000000b3d0000)]
  0x00000000070f7800 JavaThread "Reference Handler" daemon [_thread_blocked, id=1212, stack(0x000000000b1d0000,0x000000000b2d0000)]
  0x0000000000a4d000 JavaThread "main" [_thread_blocked, id=30240, stack(0x0000000002260000,0x0000000002360000)]

Other Threads:
  0x00000000070f2800 VMThread [stack: 0x000000000b0d0000,0x000000000b1d0000] [id=30308]
  0x000000000717e000 WatcherThread [stack: 0x000000000b9d0000,0x000000000bad0000] [id=27796]

=>0x00000000026f7800 (exited) GCTaskThread [stack: 0x0000000000000000,0x0000000000000000] [id=21768]

VM state:at safepoint (normal execution)

VM Mutex/Monitor currently owned by a thread:  ([mutex/lock_event])
[0x0000000000a4ae70] Threads_lock - owner thread: 0x00000000070f2800
[0x0000000000a4a870] Heap_lock - owner thread: 0x000000000bf34800

Heap
 par new generation   total 59008K, used 52480K [0x00000000dae00000, 0x00000000dee00000, 0x00000000dee00000)
  eden space 52480K, 100% used [0x00000000dae00000, 0x00000000de140000, 0x00000000de140000)
  from space 6528K,   0% used [0x00000000de140000, 0x00000000de140000, 0x00000000de7a0000)
  to   space 6528K, 100% used [0x00000000de7a0000, 0x00000000dee00000, 0x00000000dee00000)
 concurrent mark-sweep generation total 458752K, used 19147K [0x00000000dee00000, 0x00000000fae00000, 0x00000000fae00000)
 concurrent-mark-sweep perm gen total 21248K, used 10488K [0x00000000fae00000, 0x00000000fc2c0000, 0x0000000100000000)

Code Cache  [0x00000000027e0000, 0x0000000002a50000, 0x00000000057e0000)
 total_blobs=1116 nmethods=667 adapters=402 free_code_cache=48039040 largest_free_block=17216

Dynamic libraries:
0x0000000000400000 - 0x000000000042f000 	C:\Program Files\Java\jre6\bin\javaw.exe
0x00007ffafcff0000 - 0x00007ffafd207000 	C:\Windows\SYSTEM32\ntdll.dll
0x00007ffafbd20000 - 0x00007ffafbde4000 	C:\Windows\System32\KERNEL32.DLL
0x00007ffafa300000 - 0x00007ffafa6b7000 	C:\Windows\System32\KERNELBASE.dll
0x00007ffafcbd0000 - 0x00007ffafcc82000 	C:\Windows\System32\ADVAPI32.dll
0x00007ffafcca0000 - 0x00007ffafcd47000 	C:\Windows\System32\msvcrt.dll
0x00007ffafbdf0000 - 0x00007ffafbe98000 	C:\Windows\System32\sechost.dll
0x00007ffafa9c0000 - 0x00007ffafa9e8000 	C:\Windows\System32\bcrypt.dll
0x00007ffafc720000 - 0x00007ffafc834000 	C:\Windows\System32\RPCRT4.dll
0x00007ffafba00000 - 0x00007ffafbbaf000 	C:\Windows\System32\USER32.dll
0x00007ffafacf0000 - 0x00007ffafad16000 	C:\Windows\System32\win32u.dll
0x00007ffafbfb0000 - 0x00007ffafbfd9000 	C:\Windows\System32\GDI32.dll
0x00007ffafa9f0000 - 0x00007ffafab08000 	C:\Windows\System32\gdi32full.dll
0x00007ffafa8a0000 - 0x00007ffafa93a000 	C:\Windows\System32\msvcp_win.dll
0x00007ffafab10000 - 0x00007ffafac21000 	C:\Windows\System32\ucrtbase.dll
0x00007ffafc250000 - 0x00007ffafc281000 	C:\Windows\System32\IMM32.DLL
0x000000006d830000 - 0x000000006dfec000 	C:\Program Files\Java\jre6\bin\server\jvm.dll
0x00007ffaf69d0000 - 0x00007ffaf6a04000 	C:\Windows\SYSTEM32\WINMM.dll
0x000000006d7a0000 - 0x000000006d7ae000 	C:\Program Files\Java\jre6\bin\verify.dll
0x000000006d3c0000 - 0x000000006d3e7000 	C:\Program Files\Java\jre6\bin\java.dll
0x000000006d7f0000 - 0x000000006d802000 	C:\Program Files\Java\jre6\bin\zip.dll
0x0000000180000000 - 0x0000000180053000 	C:\Users\seanp\Desktop\Minecraft Java Development\lwjgl\native\windows\lwjgl64.dll
0x00007ffaf1a00000 - 0x00007ffaf1a0a000 	C:\Windows\SYSTEM32\VERSION.dll
0x00007ffae8530000 - 0x00007ffae87c3000 	C:\Windows\WinSxS\amd64_microsoft.windows.common-controls_6595b64144ccf1df_6.0.22621.3672_none_2713b9d173822955\COMCTL32.dll
0x00007ffa771c0000 - 0x00007ffa772c0000 	C:\Windows\SYSTEM32\OPENGL32.dll
0x00007ffafc840000 - 0x00007ffafcbce000 	C:\Windows\System32\combase.dll
0x00007ffaa6c50000 - 0x00007ffaa6c7d000 	C:\Windows\SYSTEM32\GLU32.dll
0x00007ffaf75b0000 - 0x00007ffaf75e7000 	C:\Windows\SYSTEM32\dxcore.dll
0x00007ffaf0c30000 - 0x00007ffaf0ced000 	C:\Windows\SYSTEM32\mscms.dll
0x00007ffaf9440000 - 0x00007ffaf9458000 	C:\Windows\SYSTEM32\kernel.appcore.dll
0x00007ffafa940000 - 0x00007ffafa9bb000 	C:\Windows\System32\bcryptPrimitives.dll
0x00007ffaf72b0000 - 0x00007ffaf7361000 	C:\Windows\system32\uxtheme.dll
0x00007ffafbff0000 - 0x00007ffafc150000 	C:\Windows\System32\MSCTF.dll
0x00007ffafbea0000 - 0x00007ffafbf50000 	C:\Windows\System32\clbcatq.dll
0x00007ffa56be0000 - 0x00007ffa591c8000 	C:\Windows\System32\DriverStore\FileRepository\nv_dispig.inf_amd64_0afec3f2050014a0\nvoglv64.dll
0x00007ffafae20000 - 0x00007ffafb689000 	C:\Windows\System32\SHELL32.dll
0x00007ffafc290000 - 0x00007ffafc704000 	C:\Windows\System32\SETUPAPI.dll
0x00007ffafcdb0000 - 0x00007ffafcf55000 	C:\Windows\System32\ole32.dll
0x00007ffafad20000 - 0x00007ffafadf7000 	C:\Windows\System32\OLEAUT32.dll
0x00007ffaf9200000 - 0x00007ffaf9214000 	C:\Windows\SYSTEM32\WTSAPI32.dll
0x00007ffafa050000 - 0x00007ffafa062000 	C:\Windows\SYSTEM32\msasn1.dll
0x00007ffaf4500000 - 0x00007ffaf4532000 	C:\Windows\SYSTEM32\cryptnet.dll
0x00007ffafa730000 - 0x00007ffafa896000 	C:\Windows\System32\CRYPT32.dll
0x00007ffaf9b20000 - 0x00007ffaf9b2c000 	C:\Windows\SYSTEM32\cryptbase.dll
0x00007ffaf9bb0000 - 0x00007ffaf9bf9000 	C:\Windows\SYSTEM32\wldp.dll
0x00007ffaf0700000 - 0x00007ffaf0862000 	C:\Windows\SYSTEM32\drvstore.dll
0x00007ffaf9fa0000 - 0x00007ffaf9fcc000 	C:\Windows\SYSTEM32\devobj.dll
0x00007ffaf9fd0000 - 0x00007ffafa01e000 	C:\Windows\SYSTEM32\cfgmgr32.dll
0x00007ffafa6c0000 - 0x00007ffafa72c000 	C:\Windows\System32\WINTRUST.dll
0x00007ffaf9550000 - 0x00007ffaf9584000 	C:\Windows\SYSTEM32\ntmarta.dll
0x00007ffafae00000 - 0x00007ffafae1f000 	C:\Windows\System32\imagehlp.dll
0x00007ffaf9b00000 - 0x00007ffaf9b1b000 	C:\Windows\SYSTEM32\CRYPTSP.dll
0x00007ffaf93a0000 - 0x00007ffaf93d5000 	C:\Windows\system32\rsaenh.dll
0x00007ffae9aa0000 - 0x00007ffaeba8e000 	C:\Windows\System32\DriverStore\FileRepository\nv_dispig.inf_amd64_0afec3f2050014a0\nvgpucomp64.dll
0x00007ffaf7db0000 - 0x00007ffaf86af000 	C:\Windows\SYSTEM32\windows.storage.dll
0x00007ffaf7c70000 - 0x00007ffaf7daf000 	C:\Windows\SYSTEM32\wintypes.dll
0x00007ffafb690000 - 0x00007ffafb789000 	C:\Windows\System32\SHCORE.dll
0x00007ffafbc40000 - 0x00007ffafbc9e000 	C:\Windows\System32\shlwapi.dll
0x00007ffa99c80000 - 0x00007ffa99f50000 	C:\Windows\system32\nvspcap64.dll
0x00007ffafa230000 - 0x00007ffafa257000 	C:\Windows\SYSTEM32\profapi.dll
0x00007ffaf7540000 - 0x00007ffaf756b000 	C:\Windows\SYSTEM32\dwmapi.dll
0x00007ffad11a0000 - 0x00007ffad12e3000 	C:\Windows\SYSTEM32\textinputframework.dll
0x00007ffaf62d0000 - 0x00007ffaf6403000 	C:\Windows\SYSTEM32\CoreMessaging.dll
0x00007ffaf2bd0000 - 0x00007ffaf2f3d000 	C:\Windows\SYSTEM32\CoreUIComponents.dll
0x00007ffaafd80000 - 0x00007ffaafdca000 	C:\Windows\SYSTEM32\icm32.dll
0x00007ffaf91b0000 - 0x00007ffaf91fd000 	C:\Windows\SYSTEM32\powrprof.dll
0x00007ffaf9190000 - 0x00007ffaf91a3000 	C:\Windows\SYSTEM32\UMPDC.dll
0x00007ffaf8de0000 - 0x00007ffaf8e46000 	C:\Windows\SYSTEM32\WINSTA.dll
0x00007ffa74470000 - 0x00007ffa74606000 	C:\Users\seanp\Documents\IMGUI experiments\public\imgui-lwjgl2-jni\out\imgui_jni.dll
0x00007ffaf99a0000 - 0x00007ffaf99c8000 	C:\Windows\SYSTEM32\USERENV.dll
0x000000006d620000 - 0x000000006d637000 	C:\Program Files\Java\jre6\bin\net.dll
0x00007ffafbca0000 - 0x00007ffafbd11000 	C:\Windows\System32\WS2_32.dll
0x00007ffaf98b0000 - 0x00007ffaf9919000 	C:\Windows\system32\mswsock.dll
0x00007ffaaff00000 - 0x00007ffaaff17000 	C:\Windows\system32\napinsp.dll
0x00007ffaaf870000 - 0x00007ffaaf88b000 	C:\Windows\system32\pnrpnsp.dll
0x00007ffaf8f10000 - 0x00007ffaf9012000 	C:\Windows\SYSTEM32\DNSAPI.dll
0x00007ffaf8e90000 - 0x00007ffaf8ebd000 	C:\Windows\SYSTEM32\IPHLPAPI.DLL
0x00007ffafcc90000 - 0x00007ffafcc99000 	C:\Windows\System32\NSI.dll
0x00007ffaaf850000 - 0x00007ffaaf861000 	C:\Windows\System32\winrnr.dll
0x00007ffad6cb0000 - 0x00007ffad6cc5000 	C:\Windows\system32\wshbth.dll
0x00007ffaacbc0000 - 0x00007ffaacbe7000 	C:\Windows\system32\nlansp_c.dll
0x00007ffaf3540000 - 0x00007ffaf354a000 	C:\Windows\System32\rasadhlp.dll
0x00007ffaf49c0000 - 0x00007ffaf4a43000 	C:\Windows\System32\fwpuclnt.dll
0x000000006d000000 - 0x000000006d1c4000 	C:\Program Files\Java\jre6\bin\awt.dll
0x00007ffae8480000 - 0x00007ffae8527000 	C:\Windows\SYSTEM32\WINSPOOL.DRV
0x00007ffaf66b0000 - 0x00007ffaf6747000 	C:\Windows\SYSTEM32\apphelp.dll
0x00007ffafb9f0000 - 0x00007ffafb9f8000 	C:\Windows\System32\PSAPI.DLL
0x00007ffaf8760000 - 0x00007ffaf8992000 	C:\Windows\system32\dbghelp.dll

VM Arguments:
jvm_args: -XX:+UseConcMarkSweepGC -XX:+UseParNewGC -XX:+CMSParallelRemarkEnabled -XX:CMSInitiatingOccupancyFraction=90 -XX:+UseCMSInitiatingOccupancyOnly -XX:+CMSScavengeBeforeRemark -XX:+UseCMSCompactAtFullCollection -XX:CMSFullGCsBeforeCompaction=1 -Xms512m -Xmx512m -XX:CompileThreshold=1500 -Djava.library.path=C:\Users\seanp\Desktop\Minecraft Java Development\lwjgl\native\windows;C:\Users\seanp\Desktop\Minecraft Java Development\lwjgl\native\windows;C:\Users\seanp\Desktop\Minecraft Java Development\lwjgl\native\windows;C:\Users\seanp\Documents\IMGUI experiments\public\imgui-lwjgl2-jni\out -Dfile.encoding=UTF-8 
java_command: main.Main
Launcher Type: SUN_STANDARD

Environment Variables:
JAVA_HOME=C:\Program Files\Java\jdk1.6.0_45
USERNAME=seanp
OS=Windows_NT
PROCESSOR_IDENTIFIER=AMD64 Family 23 Model 8 Stepping 2, AuthenticAMD



---------------  S Y S T E M  ---------------

OS: Windows 8 , 64 bit Build 9200 

CPU:total 12 (12 cores per cpu, 1 threads per core) family 23 model 8 stepping 2, cmov, cx8, fxsr, mmx, sse, sse2, sse3, ssse3, sse4.1, sse4.2, popcnt, mmxext, 3dnowpref, lzcnt, sse4a

Memory: 4k page, physical 16697240k(3946364k free), swap 34523032k(5368840k free)

vm_info: Java HotSpot(TM) 64-Bit Server VM (20.45-b01) for windows-amd64 JRE (1.6.0_45-b06), built on Apr  1 2013 12:31:37 by "java_re" with MS VC++ 8.0 (VS2005)

time: Thu Mar 26 20:34:47 2026
elapsed time: 18 seconds

